Invalid request! Borrow limit exceeded
Invalid request! Book not borrowed
Algorithms Author3
DataScience Author4
CS45M001 Emma ISBN890 1
Algorithms Author3 3
DataScience Author4 1
CS45M001 Emma
CS45M002 Olivia