Algorithms Author1
AI Author3
Blockchain Author5
MachineLearning Author6
CyberSecurity Author7
CS01M001 John ISBN001 1
CS01M001 John ISBN002 1
CS01M001 John ISBN003 1
CS01M003 Bob ISBN004 1
Algorithms Author1 4
DataScience Author2 2
AI Author3 4
CloudComputing Author4 1
Blockchain Author5 3
MachineLearning Author6 4
CyberSecurity Author7 1
Networking Author8 2
CloudInfra Author9 6
DeepLearning Author10 5
DevOps Author11 7
BigData Author12 9
QuantumComputing Author13 4
IoT Author14 3
BlockchainTech Author15 5
Robotics Author16 6
Automation Author17 4
AIinHealthcare Author18 5
ARVR Author19 2
EdgeComputing Author20 6
SmartCities Author21 3
5GTech Author22 7
TechInnovation Author23 6
DataMining Author24 8
CloudSecurity Author25 9
AIResearch Author26 2
SelfDriving Author27 5
WearableTech Author28 4
SmartMachines Author29 3
NeuralNetworks Author30 6
BlockchainSecurity Author31 7
BigDataAnalytics Author32 2
TechnologyTrends Author33 4
AIandEthics Author34 5
FinTech Author35 6
MedTech Author36 3
CyberDefense Author37 8
DigitalTwins Author38 2
EdgeAI Author39 3
TechLeadership Author40 5
AIandRobotics Author41 6
CloudTech Author42 8
TechStartups Author43 4
CloudAutomation Author44 7
MachineVision Author45 3
TechCulture Author46 6
TechforGood Author47 5
SmartTech Author48 4
EmergingTech Author49 2
TechEducation Author50 6
CS01M001 John
CS01M002 Alice
CS01M003 Bob
CS01M004 Eve
CS01M005 Emma
CS01M006 Olivia
CS01M007 Sophia
CS01M008 Noah
CS01M009 Liam
CS01M010 Mia
CS01M011 Lucas
CS01M012 Benjamin
CS01M013 James
CS01M014 Isabella
CS01M015 Jack
CS01M016 Grace
CS01M017 Ethan
CS01M018 Charlotte
CS01M019 William
CS01M020 Oliver
AI Author3
CS01M001 John ISBN001 1
CS01M001 John ISBN002 1
Algorithms Author1 4
DataScience Author2 2
AI Author3 5
CloudComputing Author4 2
Blockchain Author5 3
MachineLearning Author6 5
CyberSecurity Author7 1
Networking Author8 2
CloudInfra Author9 7
DeepLearning Author10 6
DevOps Author11 7
BigData Author12 9
QuantumComputing Author13 4
IoT Author14 3
BlockchainTech Author15 5
Robotics Author16 6
Automation Author17 4
AIinHealthcare Author18 5
ARVR Author19 2
EdgeComputing Author20 6
SmartCities Author21 3
5GTech Author22 7
TechInnovation Author23 6
DataMining Author24 8
CloudSecurity Author25 9
AIResearch Author26 2
SelfDriving Author27 5
WearableTech Author28 4
SmartMachines Author29 3
NeuralNetworks Author30 6
BlockchainSecurity Author31 7
BigDataAnalytics Author32 2
TechnologyTrends Author33 4
AIandEthics Author34 5
FinTech Author35 6
MedTech Author36 3
CyberDefense Author37 8
DigitalTwins Author38 2
EdgeAI Author39 3
TechLeadership Author40 5
AIandRobotics Author41 6
CloudTech Author42 8
TechStartups Author43 4
CloudAutomation Author44 7
MachineVision Author45 3
TechCulture Author46 6
TechforGood Author47 5
SmartTech Author48 4
EmergingTech Author49 2
TechEducation Author50 6
CS01M001 John
CS01M002 Alice
CS01M003 Bob
CS01M004 Eve
CS01M005 Emma
CS01M006 Olivia
CS01M007 Sophia
CS01M008 Noah
CS01M009 Liam
CS01M010 Mia
CS01M011 Lucas
CS01M012 Benjamin
CS01M013 James
CS01M014 Isabella
CS01M015 Jack
CS01M016 Grace
CS01M017 Ethan
CS01M018 Charlotte
CS01M019 William
CS01M020 Oliver